===================================
Running drop tests...
-----------------------------------
Drop test 1 running

------ Board ------
|   |   |   |   |   |   |   |
|   |   |   |   |   |   |   |
|   |   |   |   |   |   |   |
|   |   |   |   |   |   |   |
|   |   |   |   |   |   |   |
| x |   |   |   |   |   |   |
------ ----- ------

Drop test 1 passed
-----------------------------------
Drop test 2 running

------ Board ------
|   |   |   |   |   |   |   |
|   |   |   |   |   |   |   |
|   |   |   |   |   |   |   |
|   |   |   |   |   |   |   |
| o |   |   |   |   |   |   |
| x |   |   |   |   |   |   |
------ ----- ------

Drop test 2 passed
-----------------------------------
Drop test 3 running

------ Board ------
|   |   |   |   |   |   |   |
|   |   |   |   |   |   |   |
|   |   |   |   |   |   |   |
| x |   |   |   |   |   |   |
| o |   |   |   |   |   |   |
| x |   |   |   |   |   |   |
------ ----- ------

Drop test 3 passed
-----------------------------------
Drop test 4 running

------ Board ------
|   |   |   |   |   |   |   |
|   |   |   |   |   |   |   |
| o |   |   |   |   |   |   |
| x |   |   |   |   |   |   |
| o |   |   |   |   |   |   |
| x |   |   |   |   |   |   |
------ ----- ------

Drop test 4 passed
-----------------------------------
Drop test 5 running

------ Board ------
|   |   |   |   |   |   |   |
| x |   |   |   |   |   |   |
| o |   |   |   |   |   |   |
| x |   |   |   |   |   |   |
| o |   |   |   |   |   |   |
| x |   |   |   |   |   |   |
------ ----- ------

Drop test 5 passed
-----------------------------------
Drop test 6 running

------ Board ------
| o |   |   |   |   |   |   |
| x |   |   |   |   |   |   |
| o |   |   |   |   |   |   |
| x |   |   |   |   |   |   |
| o |   |   |   |   |   |   |
| x |   |   |   |   |   |   |
------ ----- ------

Drop test 6 passed
-----------------------------------
Drop test 7 running

------ Board ------
| o |   |   |   |   |   |   |
| x |   |   |   |   |   |   |
| o |   |   |   |   |   |   |
| x |   |   |   |   |   |   |
| o |   |   |   |   |   |   |
| x |   |   |   |   |   |   |
------ ----- ------

Drop test 7 passed
-----------------------------------
Drop test 8 running

------ Board ------
| o |   |   |   |   |   |   |
| x |   |   |   |   |   |   |
| o |   |   |   |   |   |   |
| x |   |   |   |   |   |   |
| o |   |   |   |   |   |   |
| x | x |   |   |   |   |   |
------ ----- ------

Drop test 8 passed
-----------------------------------
Drop test 9 running

------ Board ------
| o |   |   |   |   |   |   |
| x |   |   |   |   |   |   |
| o |   |   |   |   |   |   |
| x |   |   |   |   |   |   |
| o |   |   |   |   |   |   |
| x | x | x |   |   |   |   |
------ ----- ------

Drop test 9 passed
-----------------------------------
Drop test 10 running

------ Board ------
| o |   |   |   |   |   |   |
| x |   |   |   |   |   |   |
| o |   |   |   |   |   |   |
| x |   |   |   |   |   |   |
| o |   |   |   |   |   |   |
| x | x | x | x |   |   |   |
------ ----- ------

Drop test 10 passed
-----------------------------------
Drop tests have passed
===================================
Checking heuristic...

------ Board ------
| o |   |   |   |   |   |   |
| x |   |   |   |   |   |   |
| o |   |   |   |   |   |   |
| x |   |   |   |   |   |   |
| o |   |   |   |   |   |   |
| x | x | x | x |   |   |   |
------ ----- ------

-----------------------------------
Streaks of four? 1
Streaks of three? 2
Streaks of two? 3
Is a win? false
-----------------------------------
Heuristic value is 580
===================================
Running pop tests...
-----------------------------------
Pop test 1 running

------ Board ------
|   |   |   |   |   |   |   |
| o |   |   |   |   |   |   |
| x |   |   |   |   |   |   |
| o |   |   |   |   |   |   |
| x |   |   |   |   |   |   |
| o | x | x | x |   |   |   |
------ ----- ------

Pop test 1 passed
-----------------------------------
Pop test 2 running

------ Board ------
|   |   |   |   |   |   |   |
|   |   |   |   |   |   |   |
| o |   |   |   |   |   |   |
| x |   |   |   |   |   |   |
| o |   |   |   |   |   |   |
| x | x | x | x |   |   |   |
------ ----- ------

Pop test 2 passed
-----------------------------------
Pop test 3 running

------ Board ------
|   |   |   |   |   |   |   |
|   |   |   |   |   |   |   |
|   |   |   |   |   |   |   |
| o |   |   |   |   |   |   |
| x |   |   |   |   |   |   |
| o | x | x | x |   |   |   |
------ ----- ------

Pop test 3 passed
-----------------------------------
Pop test 4 running

------ Board ------
|   |   |   |   |   |   |   |
|   |   |   |   |   |   |   |
|   |   |   |   |   |   |   |
|   |   |   |   |   |   |   |
| o |   |   |   |   |   |   |
| x | x | x | x |   |   |   |
------ ----- ------

Pop test 4 passed
-----------------------------------
Pop test 5 running

------ Board ------
|   |   |   |   |   |   |   |
|   |   |   |   |   |   |   |
|   |   |   |   |   |   |   |
|   |   |   |   |   |   |   |
|   |   |   |   |   |   |   |
| o | x | x | x |   |   |   |
------ ----- ------

Pop test 5 passed
-----------------------------------
Pop test 6 running

------ Board ------
|   |   |   |   |   |   |   |
|   |   |   |   |   |   |   |
|   |   |   |   |   |   |   |
|   |   |   |   |   |   |   |
|   |   |   |   |   |   |   |
|   | x | x | x |   |   |   |
------ ----- ------

Pop test 6 passed
-----------------------------------
Pop test 7 running

------ Board ------
|   |   |   |   |   |   |   |
|   |   |   |   |   |   |   |
|   |   |   |   |   |   |   |
|   |   |   |   |   |   |   |
|   |   |   |   |   |   |   |
|   | x | x | x |   |   |   |
------ ----- ------

Pop test 7 passed
-----------------------------------
Pop test 8 running

------ Board ------
|   |   |   |   |   |   |   |
|   |   |   |   |   |   |   |
|   |   |   |   |   |   |   |
|   |   |   |   |   |   |   |
|   |   |   |   |   |   |   |
|   |   | x | x |   |   |   |
------ ----- ------

Pop test 8 passed
-----------------------------------
Pop test 9 running

------ Board ------
|   |   |   |   |   |   |   |
|   |   |   |   |   |   |   |
|   |   |   |   |   |   |   |
|   |   |   |   |   |   |   |
|   |   |   |   |   |   |   |
|   |   |   | x |   |   |   |
------ ----- ------

Pop test 9 passed
-----------------------------------
Pop test 10 running

------ Board ------
|   |   |   |   |   |   |   |
|   |   |   |   |   |   |   |
|   |   |   |   |   |   |   |
|   |   |   |   |   |   |   |
|   |   |   |   |   |   |   |
|   |   |   |   |   |   |   |
------ ----- ------

Pop test 10 passed
-----------------------------------
Pop tests have passed
===================================
